src/adapters/claude.ts(20,10): error TS6133: 'CLAUDE_PATTERNS' is declared but its value is never read.
src/adapters/codex-safe.ts(9,105): error TS6133: 'copyFileSync' is declared but its value is never read.
src/adapters/codex-safe.ts(10,25): error TS6133: 'relative' is declared but its value is never read.
src/adapters/codex.ts(14,10): error TS6133: 'CODEX_PATTERNS' is declared but its value is never read.
src/adapters/factory.ts(14,10): error TS6133: 'FACTORY_PATTERNS' is declared but its value is never read.
src/adapters/ollama.ts(35,11): error TS6133: '_disableTools' is declared but its value is never read.
src/agentic/agent-loop.test.ts(10,32): error TS6133: 'beforeEach' is declared but its value is never read.
src/agentic/index.ts(17,39): error TS6196: 'RunOptions' is declared but never used.
src/agentic/safety/bash-safety.test.ts(3,1): error TS2582: Cannot find name 'describe'. Do you need to install type definitions for a test runner? Try `npm i --save-dev @types/jest` or `npm i --save-dev @types/mocha`.
src/agentic/safety/bash-safety.test.ts(4,3): error TS2582: Cannot find name 'describe'. Do you need to install type definitions for a test runner? Try `npm i --save-dev @types/jest` or `npm i --save-dev @types/mocha`.
src/agentic/safety/bash-safety.test.ts(5,5): error TS2582: Cannot find name 'describe'. Do you need to install type definitions for a test runner? Try `npm i --save-dev @types/jest` or `npm i --save-dev @types/mocha`.
src/agentic/safety/bash-safety.test.ts(6,7): error TS2582: Cannot find name 'it'. Do you need to install type definitions for a test runner? Try `npm i --save-dev @types/jest` or `npm i --save-dev @types/mocha`.
src/agentic/safety/bash-safety.test.ts(8,9): error TS2304: Cannot find name 'expect'.
src/agentic/safety/bash-safety.test.ts(9,9): error TS2304: Cannot find name 'expect'.
src/agentic/safety/bash-safety.test.ts(10,9): error TS2304: Cannot find name 'expect'.
src/agentic/safety/bash-safety.test.ts(13,7): error TS2582: Cannot find name 'it'. Do you need to install type definitions for a test runner? Try `npm i --save-dev @types/jest` or `npm i --save-dev @types/mocha`.
src/agentic/safety/bash-safety.test.ts(15,9): error TS2304: Cannot find name 'expect'.
src/agentic/safety/bash-safety.test.ts(16,9): error TS2304: Cannot find name 'expect'.
src/agentic/safety/bash-safety.test.ts(19,7): error TS2582: Cannot find name 'it'. Do you need to install type definitions for a test runner? Try `npm i --save-dev @types/jest` or `npm i --save-dev @types/mocha`.
src/agentic/safety/bash-safety.test.ts(21,9): error TS2304: Cannot find name 'expect'.
src/agentic/safety/bash-safety.test.ts(22,9): error TS2304: Cannot find name 'expect'.
src/agentic/safety/bash-safety.test.ts(25,7): error TS2582: Cannot find name 'it'. Do you need to install type definitions for a test runner? Try `npm i --save-dev @types/jest` or `npm i --save-dev @types/mocha`.
src/agentic/safety/bash-safety.test.ts(27,9): error TS2304: Cannot find name 'expect'.
src/agentic/safety/bash-safety.test.ts(28,9): error TS2304: Cannot find name 'expect'.
src/agentic/safety/bash-safety.test.ts(31,7): error TS2582: Cannot find name 'it'. Do you need to install type definitions for a test runner? Try `npm i --save-dev @types/jest` or `npm i --save-dev @types/mocha`.
src/agentic/safety/bash-safety.test.ts(33,9): error TS2304: Cannot find name 'expect'.
src/agentic/safety/bash-safety.test.ts(34,9): error TS2304: Cannot find name 'expect'.
src/agentic/safety/bash-safety.test.ts(37,7): error TS2582: Cannot find name 'it'. Do you need to install type definitions for a test runner? Try `npm i --save-dev @types/jest` or `npm i --save-dev @types/mocha`.
src/agentic/safety/bash-safety.test.ts(39,9): error TS2304: Cannot find name 'expect'.
src/agentic/safety/bash-safety.test.ts(40,9): error TS2304: Cannot find name 'expect'.
src/agentic/safety/bash-safety.test.ts(43,7): error TS2582: Cannot find name 'it'. Do you need to install type definitions for a test runner? Try `npm i --save-dev @types/jest` or `npm i --save-dev @types/mocha`.
src/agentic/safety/bash-safety.test.ts(45,9): error TS2304: Cannot find name 'expect'.
src/agentic/safety/bash-safety.test.ts(46,9): error TS2304: Cannot find name 'expect'.
src/agentic/safety/bash-safety.test.ts(49,7): error TS2582: Cannot find name 'it'. Do you need to install type definitions for a test runner? Try `npm i --save-dev @types/jest` or `npm i --save-dev @types/mocha`.
src/agentic/safety/bash-safety.test.ts(51,9): error TS2304: Cannot find name 'expect'.
src/agentic/safety/bash-safety.test.ts(52,9): error TS2304: Cannot find name 'expect'.
src/agentic/safety/bash-safety.test.ts(56,5): error TS2582: Cannot find name 'describe'. Do you need to install type definitions for a test runner? Try `npm i --save-dev @types/jest` or `npm i --save-dev @types/mocha`.
src/agentic/safety/bash-safety.test.ts(57,7): error TS2582: Cannot find name 'it'. Do you need to install type definitions for a test runner? Try `npm i --save-dev @types/jest` or `npm i --save-dev @types/mocha`.
src/agentic/safety/bash-safety.test.ts(59,9): error TS2304: Cannot find name 'expect'.
src/agentic/safety/bash-safety.test.ts(60,9): error TS2304: Cannot find name 'expect'.
src/agentic/safety/bash-safety.test.ts(63,7): error TS2582: Cannot find name 'it'. Do you need to install type definitions for a test runner? Try `npm i --save-dev @types/jest` or `npm i --save-dev @types/mocha`.
src/agentic/safety/bash-safety.test.ts(65,9): error TS2304: Cannot find name 'expect'.
src/agentic/safety/bash-safety.test.ts(66,9): error TS2304: Cannot find name 'expect'.
src/agentic/safety/bash-safety.test.ts(69,7): error TS2582: Cannot find name 'it'. Do you need to install type definitions for a test runner? Try `npm i --save-dev @types/jest` or `npm i --save-dev @types/mocha`.
src/agentic/safety/bash-safety.test.ts(71,9): error TS2304: Cannot find name 'expect'.
src/agentic/safety/bash-safety.test.ts(75,5): error TS2582: Cannot find name 'describe'. Do you need to install type definitions for a test runner? Try `npm i --save-dev @types/jest` or `npm i --save-dev @types/mocha`.
src/agentic/safety/bash-safety.test.ts(76,7): error TS2582: Cannot find name 'it'. Do you need to install type definitions for a test runner? Try `npm i --save-dev @types/jest` or `npm i --save-dev @types/mocha`.
src/agentic/safety/bash-safety.test.ts(78,9): error TS2304: Cannot find name 'expect'.
src/agentic/safety/bash-safety.test.ts(79,9): error TS2304: Cannot find name 'expect'.
src/agentic/safety/bash-safety.test.ts(82,7): error TS2582: Cannot find name 'it'. Do you need to install type definitions for a test runner? Try `npm i --save-dev @types/jest` or `npm i --save-dev @types/mocha`.
src/agentic/safety/bash-safety.test.ts(84,9): error TS2304: Cannot find name 'expect'.
src/agentic/safety/bash-safety.test.ts(87,7): error TS2582: Cannot find name 'it'. Do you need to install type definitions for a test runner? Try `npm i --save-dev @types/jest` or `npm i --save-dev @types/mocha`.
src/agentic/safety/bash-safety.test.ts(89,9): error TS2304: Cannot find name 'expect'.
src/agentic/safety/bash-safety.test.ts(92,7): error TS2582: Cannot find name 'it'. Do you need to install type definitions for a test runner? Try `npm i --save-dev @types/jest` or `npm i --save-dev @types/mocha`.
src/agentic/safety/bash-safety.test.ts(94,9): error TS2304: Cannot find name 'expect'.
src/agentic/safety/bash-safety.test.ts(97,7): error TS2582: Cannot find name 'it'. Do you need to install type definitions for a test runner? Try `npm i --save-dev @types/jest` or `npm i --save-dev @types/mocha`.
src/agentic/safety/bash-safety.test.ts(99,9): error TS2304: Cannot find name 'expect'.
src/agentic/safety/bash-safety.test.ts(102,7): error TS2582: Cannot find name 'it'. Do you need to install type definitions for a test runner? Try `npm i --save-dev @types/jest` or `npm i --save-dev @types/mocha`.
src/agentic/safety/bash-safety.test.ts(104,9): error TS2304: Cannot find name 'expect'.
src/agentic/safety/bash-safety.test.ts(107,7): error TS2582: Cannot find name 'it'. Do you need to install type definitions for a test runner? Try `npm i --save-dev @types/jest` or `npm i --save-dev @types/mocha`.
src/agentic/safety/bash-safety.test.ts(109,9): error TS2304: Cannot find name 'expect'.
src/agentic/safety/bash-safety.test.ts(112,7): error TS2582: Cannot find name 'it'. Do you need to install type definitions for a test runner? Try `npm i --save-dev @types/jest` or `npm i --save-dev @types/mocha`.
src/agentic/safety/bash-safety.test.ts(114,9): error TS2304: Cannot find name 'expect'.
src/agentic/safety/bash-safety.test.ts(117,7): error TS2582: Cannot find name 'it'. Do you need to install type definitions for a test runner? Try `npm i --save-dev @types/jest` or `npm i --save-dev @types/mocha`.
src/agentic/safety/bash-safety.test.ts(119,9): error TS2304: Cannot find name 'expect'.
src/agentic/safety/bash-safety.test.ts(122,7): error TS2582: Cannot find name 'it'. Do you need to install type definitions for a test runner? Try `npm i --save-dev @types/jest` or `npm i --save-dev @types/mocha`.
src/agentic/safety/bash-safety.test.ts(124,9): error TS2304: Cannot find name 'expect'.
src/agentic/safety/bash-safety.test.ts(128,5): error TS2582: Cannot find name 'describe'. Do you need to install type definitions for a test runner? Try `npm i --save-dev @types/jest` or `npm i --save-dev @types/mocha`.
src/agentic/safety/bash-safety.test.ts(129,7): error TS2582: Cannot find name 'it'. Do you need to install type definitions for a test runner? Try `npm i --save-dev @types/jest` or `npm i --save-dev @types/mocha`.
src/agentic/safety/bash-safety.test.ts(131,9): error TS2304: Cannot find name 'expect'.
src/agentic/safety/bash-safety.test.ts(132,9): error TS2304: Cannot find name 'expect'.
src/agentic/safety/bash-safety.test.ts(137,3): error TS2582: Cannot find name 'describe'. Do you need to install type definitions for a test runner? Try `npm i --save-dev @types/jest` or `npm i --save-dev @types/mocha`.
src/agentic/safety/bash-safety.test.ts(138,5): error TS2582: Cannot find name 'it'. Do you need to install type definitions for a test runner? Try `npm i --save-dev @types/jest` or `npm i --save-dev @types/mocha`.
src/agentic/safety/bash-safety.test.ts(144,7): error TS2304: Cannot find name 'expect'.
src/agentic/safety/bash-safety.test.ts(145,7): error TS2304: Cannot find name 'expect'.
src/agentic/safety/bash-safety.test.ts(148,5): error TS2582: Cannot find name 'it'. Do you need to install type definitions for a test runner? Try `npm i --save-dev @types/jest` or `npm i --save-dev @types/mocha`.
src/agentic/safety/bash-safety.test.ts(154,7): error TS2304: Cannot find name 'expect'.
src/agentic/safety/bash-safety.test.ts(155,7): error TS2304: Cannot find name 'expect'.
src/agentic/safety/bash-safety.test.ts(158,5): error TS2582: Cannot find name 'it'. Do you need to install type definitions for a test runner? Try `npm i --save-dev @types/jest` or `npm i --save-dev @types/mocha`.
src/agentic/safety/bash-safety.test.ts(164,7): error TS2304: Cannot find name 'expect'.
src/agentic/tools/grep.ts(9,7): error TS6133: 'CONTEXT_LINES' is declared but its value is never read.
src/agentic/tools/index.ts(125,29): error TS6133: 'toolName' is declared but its value is never read.
src/api/auth/routes.ts(28,22): error TS6133: 'reply' is declared but its value is never read.
src/api/auth/routes.ts(61,22): error TS6133: 'reply' is declared but its value is never read.
src/api/auth/routes.ts(88,22): error TS6133: 'reply' is declared but its value is never read.
src/api/server.ts(3,1): error TS6133: 'fastifySwagger' is declared but its value is never read.
src/api/server.ts(4,1): error TS6133: 'fastifySwaggerUi' is declared but its value is never read.
src/api/server.ts(10,21): error TS6133: 'TaskStatus' is declared but its value is never read.
src/api/server.ts(10,33): error TS6133: 'MAX_CONCURRENT_TASKS' is declared but its value is never read.
src/api/server.ts(13,10): error TS6133: 'logger' is declared but its value is never read.
src/api/server.ts(14,1): error TS6192: All imports in import declaration are unused.
src/api/server.ts(23,20): error TS6133: 'ValidationError' is declared but its value is never read.
src/api/server.ts(23,37): error TS6133: 'NotFoundError' is declared but its value is never read.
src/api/server.ts(23,52): error TS6133: 'DatabaseError' is declared but its value is never read.
src/api/server.ts(57,16): error TS6133: 'removeTaskFromCache' is declared but its value is never read.
src/api/task-persistence.test.ts(25,9): error TS6133: 'testTasks' is declared but its value is never read.
src/api/task-persistence.test.ts(203,13): error TS6133: 'deleted' is declared but its value is never read.
src/api/task-queue.test.ts(86,36): error TS2769: No overload matches this call.
  Overload 1 of 2, '(expected: TaskStatus): void', gave the following error.
    Argument of type '"queued"' is not assignable to parameter of type 'TaskStatus'.
  Overload 2 of 2, '(expected: TaskStatus): void', gave the following error.
    Argument of type '"queued"' is not assignable to parameter of type 'TaskStatus'.
src/api/task-queue.test.ts(87,37): error TS2769: No overload matches this call.
  Overload 1 of 2, '(expected: TaskStatus): void', gave the following error.
    Argument of type '"running"' is not assignable to parameter of type 'TaskStatus'.
  Overload 2 of 2, '(expected: TaskStatus): void', gave the following error.
    Argument of type '"running"' is not assignable to parameter of type 'TaskStatus'.
src/api/task-queue.test.ts(88,39): error TS2769: No overload matches this call.
  Overload 1 of 2, '(expected: TaskStatus): void', gave the following error.
    Argument of type '"completed"' is not assignable to parameter of type 'TaskStatus'.
  Overload 2 of 2, '(expected: TaskStatus): void', gave the following error.
    Argument of type '"completed"' is not assignable to parameter of type 'TaskStatus'.
src/api/task-queue.test.ts(89,36): error TS2769: No overload matches this call.
  Overload 1 of 2, '(expected: TaskStatus): void', gave the following error.
    Argument of type '"failed"' is not assignable to parameter of type 'TaskStatus'.
  Overload 2 of 2, '(expected: TaskStatus): void', gave the following error.
    Argument of type '"failed"' is not assignable to parameter of type 'TaskStatus'.
src/cli/commands/agent.ts(7,1): error TS6133: 'orchestrate' is declared but its value is never read.
src/cli/commands/agent.ts(18,8): error TS6133: 'UnifiedCLIOptions' is declared but its value is never read.
src/cli/commands/arena.ts(14,3): error TS6133: 'runQuickArena' is declared but its value is never read.
src/cli/commands/audit.ts(596,3): error TS6133: 'issues' is declared but its value is never read.
src/cli/commands/campaign.ts(27,3): error TS6196: 'CampaignDomain' is declared but never used.
src/cli/commands/campaign.ts(29,3): error TS6196: 'ParallelCampaignConfig' is declared but never used.
src/cli/commands/campaign.ts(30,3): error TS6196: 'DEFAULT_PARALLEL_CONFIG' is declared but never used.
src/cli/commands/campaign.ts(33,1): error TS6192: All imports in import declaration are unused.
src/cli/commands/chat.ts(386,10): error TS6133: 'createSpinner' is declared but its value is never read.
src/cli/commands/chat.ts(396,9): error TS6133: 'prompt' is declared but its value is never read.
src/cli/commands/interactive.ts(20,3): error TS6133: 'printDivider' is declared but its value is never read.
src/cli/commands/interactive.ts(108,23): error TS6133: 'state' is declared but its value is never read.
src/cli/commands/mcp-status.ts(12,43): error TS6133: 'getMachineId' is declared but its value is never read.
src/cli/commands/mcp-status.ts(61,9): error TS6133: 'status' is declared but its value is never read.
src/cli/commands/pipe.ts(80,49): error TS6133: 'interactive' is declared but its value is never read.
src/cli/commands/ralph.ts(7,15): error TS6196: 'Adapter' is declared but never used.
src/context/injection.ts(18,3): error TS6196: 'StepResult' is declared but never used.
src/context/unified-session.ts(409,54): error TS6133: 'sessionId' is declared but its value is never read.
src/display/tables.ts(7,1): error TS6133: 'pc' is declared but its value is never read.
src/eval/arena.ts(35,1): error TS6133: 'getConfig' is declared but its value is never read.
src/eval/arena.ts(387,5): error TS6133: 'rounds' is declared but its value is never read.
src/eval/feedback-loop.ts(23,10): error TS6133: 'getConfig' is declared but its value is never read.
src/eval/feedback-loop.ts(212,19): error TS6133: 'action' is declared but its value is never read.
src/eval/feedback-loop.ts(273,73): error TS6133: 'configA' is declared but its value is never read.
src/eval/feedback-loop.ts(273,94): error TS6133: 'configB' is declared but its value is never read.
src/executor/executor.ts(443,3): error TS6133: 'ctx' is declared but its value is never read.
src/executor/pk-poet-builder.ts(15,15): error TS6196: 'AgentName' is declared but never used.
src/executor/plan-builders.ts(18,3): error TS6196: 'PKPoetOptions' is declared but never used.
src/executor/plan-validation.ts(15,40): error TS6196: 'AgentName' is declared but never used.
src/executor/templates.ts(7,87): error TS6133: 'cpSync' is declared but its value is never read.
src/indexing/ast-parser.ts(19,3): error TS6133: 'VariableDeclaration' is declared but its value is never read.
src/indexing/ast-parser.ts(23,10): error TS6133: 'toForwardSlash' is declared but its value is never read.
src/indexing/ast-parser.ts(116,31): error TS6133: 'rootDir' is declared but its value is never read.
src/indexing/dependency-graph.ts(12,30): error TS6196: 'ImportInfo' is declared but never used.
src/indexing/dependency-graph.ts(13,26): error TS6133: 'toForwardSlash' is declared but its value is never read.
src/indexing/dependency-graph.ts(127,3): error TS6133: 'rootDir' is declared but its value is never read.
src/indexing/dependency-graph.ts(292,15): error TS6133: 'path' is declared but its value is never read.
src/indexing/dependency-graph.ts(356,15): error TS6133: 'path' is declared but its value is never read.
src/indexing/embedder.ts(53,3): error TS6133: 'rootDir' is declared but its value is never read.
src/indexing/index.ts(19,1): error TS6133: 'join' is declared but its value is never read.
src/interactive/prompt-detector.ts(215,20): error TS6133: 'debounceMs' is declared but its value is never read.
src/interactive/prompt-detector.ts(218,11): error TS6133: 'debounceTimer' is declared but its value is never read.
src/interactive/pty-session.ts(313,15): error TS6133: 'reason' is declared but its value is never read.
src/interactive/responder.ts(9,1): error TS6133: 'AgentName' is declared but its value is never read.
src/interactive/session-manager.ts(19,29): error TS6133: 'PromptEvent' is declared but its value is never read.
src/lib/config.ts(91,7): error TS6133: 'CONFIG_PATH' is declared but its value is never read.
src/lib/os-utils.ts(36,11): error TS6133: 'spawn' is declared but its value is never read.
src/lib/stream-parser.test.ts(6,24): error TS6133: 'parseLine' is declared but its value is never read.
src/memory/cache.ts(111,38): error TS6133: 'options' is declared but its value is never read.
src/memory/cache.ts(116,43): error TS6133: 'options' is declared but its value is never read.
src/memory/vector-store.ts(10,30): error TS6133: 'EMBEDDING_DIMENSION' is declared but its value is never read.
src/observation/logger.ts(336,10): error TS6133: 'computeHash' is declared but its value is never read.
src/observation/observation.test.ts(13,3): error TS6133: 'completeObservation' is declared but its value is never read.
src/observation/observation.test.ts(28,24): error TS6133: 'closeDatabase' is declared but its value is never read.
src/observation/preference-extractor.ts(10,1): error TS6133: 'Observation' is declared but its value is never read.
src/orchestrator/campaign/campaign-agent.ts(3,1): error TS6133: 'adapters' is declared but its value is never read.
src/orchestrator/campaign/campaign-checkpoint.ts(398,9): error TS6133: 'storedSize' is declared but its value is never read.
src/orchestrator/campaign/campaign-db.ts(8,3): error TS6196: 'CampaignMetrics' is declared but never used.
src/orchestrator/campaign/campaign-drift.test.ts(18,31): error TS6196: 'DriftSeverity' is declared but never used.
src/orchestrator/campaign/campaign-drift.ts(16,3): error TS6196: 'EnhancedCampaignTask' is declared but never used.
src/orchestrator/campaign/campaign-drift.ts(157,5): error TS6133: 'reason' is declared but its value is never read.
src/orchestrator/campaign/campaign-drift.ts(357,11): error TS6133: 'stateWithDomains' is declared but its value is never read.
src/orchestrator/campaign/campaign-engine.ts(5,3): error TS6196: 'CampaignDecision' is declared but never used.
src/orchestrator/campaign/campaign-engine.ts(496,49): error TS6133: 'iterations' is declared but its value is never read.
src/orchestrator/campaign/campaign-git.test.ts(8,32): error TS6133: 'beforeAll' is declared but its value is never read.
src/orchestrator/campaign/campaign-git.test.ts(23,7): error TS6133: 'TEST_CAMPAIGN' is declared but its value is never read.
src/orchestrator/campaign/campaign-git.ts(16,8): error TS6133: 'GitStatus' is declared but its value is never read.
src/orchestrator/campaign/campaign-git.ts(18,31): error TS6196: 'ParallelGitStrategy' is declared but never used.
src/orchestrator/campaign/campaign-metrics.ts(8,30): error TS6196: 'CampaignTask' is declared but never used.
src/orchestrator/campaign/campaign-metrics.ts(9,15): error TS6196: 'CampaignMetrics' is declared but never used.
src/orchestrator/campaign/campaign-metrics.ts(9,32): error TS6196: 'DomainMetrics' is declared but never used.
src/orchestrator/campaign/campaign-queue.ts(6,3): error TS6196: 'isEnhancedTask' is declared but never used.
src/orchestrator/campaign/campaign-validation.test.ts(5,32): error TS6133: 'beforeAll' is declared but its value is never read.
src/orchestrator/campaign/campaign-validation.test.ts(17,52): error TS2459: Module '"./campaign-types.js"' declares 'CampaignTaskStatus' locally, but it is not exported.
src/orchestrator/campaign/campaign-validation.ts(15,3): error TS6196: 'DEFAULT_TASK_CRITERION' is declared but never used.
src/orchestrator/campaign/campaign-validation.ts(21,7): error TS6133: 'DEFAULT_TIMEOUT_MS' is declared but its value is never read.
src/orchestrator/campaign/campaign-worker.test.ts(9,37): error TS6196: 'TaskCriterion' is declared but never used.
src/orchestrator/campaign/campaign-worker.test.ts(15,9): error TS2741: Property 'updatedAt' is missing in type '{ id: string; title: string; description: string; status: "pending"; dependencies: never[]; acceptanceCriteria: string[]; assignedFiles: never[]; attempts: number; createdAt: number; }' but required in type 'CampaignTask'.
src/orchestrator/campaign/campaign-worker.test.ts(276,11): error TS2741: Property 'updatedAt' is missing in type '{ id: string; title: string; status: "pending"; dependencies: never[]; acceptanceCriteria: never[]; assignedFiles: never[]; attempts: number; createdAt: number; }' but required in type 'CampaignTask'.
src/orchestrator/campaign/campaign-worker.test.ts(292,11): error TS2741: Property 'updatedAt' is missing in type '{ id: string; title: string; description: string; status: "pending"; dependencies: never[]; acceptanceCriteria: never[]; assignedFiles: never[]; attempts: number; createdAt: number; }' but required in type 'CampaignTask'.
src/orchestrator/campaign/campaign-worker.test.ts(309,11): error TS2741: Property 'updatedAt' is missing in type '{ id: string; title: string; status: "pending"; dependencies: never[]; acceptanceCriteria: string[]; assignedFiles: never[]; attempts: number; createdAt: number; }' but required in type 'CampaignTask'.
src/orchestrator/campaign/campaign-worker.test.ts(327,11): error TS2741: Property 'updatedAt' is missing in type '{ id: string; title: string; status: "pending"; dependencies: never[]; acceptanceCriteria: never[]; assignedFiles: never[]; attempts: number; createdAt: number; }' but required in type 'CampaignTask'.
src/orchestrator/campaign/parallel-orchestrator.test.ts(5,32): error TS6133: 'mock' is declared but its value is never read.
src/orchestrator/campaign/parallel-orchestrator.test.ts(12,53): error TS6196: 'ParallelCampaignConfig' is declared but never used.
src/orchestrator/campaign/parallel-orchestrator.ts(17,3): error TS6196: 'DEFAULT_PARALLEL_CONFIG' is declared but never used.
src/orchestrator/campaign/parallel-orchestrator.ts(19,29): error TS6196: 'CampaignState' is declared but never used.
src/orchestrator/campaign/parallel-orchestrator.ts(21,3): error TS6133: 'createDomainQueue' is declared but its value is never read.
src/orchestrator/campaign/task-reflector.test.ts(8,32): error TS6133: 'beforeAll' is declared but its value is never read.
src/orchestrator/campaign/task-reflector.test.ts(17,7): error TS2741: Property 'updatedAt' is missing in type '{ id: string; title: string; description: string; status: "in_progress"; dependencies: never[]; acceptanceCriteria: string[]; assignedFiles: string[]; attempts: number; createdAt: number; }' but required in type 'CampaignTask'.
src/orchestrator/intelligent-orchestrator.ts(78,9): error TS6133: 'config' is declared but its value is never read.
src/orchestrator/intelligent-orchestrator.ts(79,9): error TS6133: 'startTime' is declared but its value is never read.
src/orchestrator/intelligent-orchestrator.ts(119,17): error TS6133: 'name' is declared but its value is never read.
src/orchestrator/intelligent-orchestrator.ts(251,9): error TS6133: 'config' is declared but its value is never read.
src/orchestrator/intelligent-orchestrator.ts(290,9): error TS6133: 'config' is declared but its value is never read.
src/orchestrator/intelligent-orchestrator.ts(354,28): error TS6133: 'task' is declared but its value is never read.
src/orchestrator/profile-orchestrator.ts(146,3): error TS6133: 'profile' is declared but its value is never read.
src/orchestrator/puzzle-assembly.ts(27,1): error TS6133: 'adapters' is declared but its value is never read.
src/orchestrator/puzzle-assembly.ts(28,1): error TS6192: All imports in import declaration are unused.
src/orchestrator/puzzle-assembly.ts(91,9): error TS6133: 'maxDepth' is declared but its value is never read.
src/orchestrator/puzzle-assembly.ts(558,3): error TS6133: 'options' is declared but its value is never read.
src/router/router.ts(70,7): error TS6133: 'HARNESS_RECOMMENDATIONS' is declared but its value is never read.
src/router/router.ts(95,9): error TS6133: 'taskLower' is declared but its value is never read.
src/router/router.ts(190,9): error TS6133: 'config' is declared but its value is never read.
src/router/router.ts(245,9): error TS6133: 'config' is declared but its value is never read.
src/tui/components/AgentPanel.tsx(1,8): error TS6133: 'React' is declared but its value is never read.
src/tui/components/AgentPanel.tsx(34,13): error TS6133: 'input' is declared but its value is never read.
src/tui/components/AgentStatus.tsx(1,8): error TS6133: 'React' is declared but its value is never read.
src/tui/components/ApprovalModePanel.tsx(1,8): error TS6133: 'React' is declared but its value is never read.
src/tui/components/ApprovalModePanel.tsx(57,13): error TS6133: 'input' is declared but its value is never read.
src/tui/components/Autocomplete.tsx(1,1): error TS6133: 'React' is declared but its value is never read.
src/tui/components/Autocomplete.tsx(3,1): error TS6133: 'SelectInput' is declared but its value is never read.
src/tui/components/Autocomplete.tsx(56,40): error TS6133: 'onSelect' is declared but its value is never read.
src/tui/components/Autocomplete.tsx(56,50): error TS6133: 'onCancel' is declared but its value is never read.
src/tui/components/Autocomplete.tsx(66,9): error TS6133: 'items' is declared but its value is never read.
src/tui/components/Autocomplete.tsx(74,29): error TS6133: 'index' is declared but its value is never read.
src/tui/components/Banner.tsx(1,1): error TS6192: All imports in import declaration are unused.
src/tui/components/Banner.tsx(29,9): error TS6133: 'maxPuzldWidth' is declared but its value is never read.
src/tui/components/CampaignPanel.tsx(1,8): error TS6133: 'React' is declared but its value is never read.
src/tui/components/CampaignPanel.tsx(2,31): error TS6133: 'useStdout' is declared but its value is never read.
src/tui/components/CollaborationView.tsx(117,68): error TS6133: 'onReEnter' is declared but its value is never read.
src/tui/components/CollaborationView.tsx(144,9): error TS6133: 'hasSynthesis' is declared but its value is never read.
src/tui/components/CollaborationView.tsx(169,13): error TS6133: 'char' is declared but its value is never read.
src/tui/components/CompareView.tsx(1,8): error TS6133: 'React' is declared but its value is never read.
src/tui/components/CompareView.tsx(87,13): error TS6133: 'char' is declared but its value is never read.
src/tui/components/DiffReview.tsx(8,8): error TS6133: 'React' is declared but its value is never read.
src/tui/components/DiffReview.tsx(132,13): error TS6133: 'input' is declared but its value is never read.
src/tui/components/DomainProgress.tsx(1,1): error TS6133: 'React' is declared but its value is never read.
src/tui/components/DomainProgress.tsx(159,57): error TS6133: 'showTasks' is declared but its value is never read.
src/tui/components/IndexPanel.tsx(1,8): error TS6133: 'React' is declared but its value is never read.
src/tui/components/IndexPanel.tsx(29,13): error TS6133: 'input' is declared but its value is never read.
src/tui/components/InputBox.tsx(1,1): error TS6133: 'React' is declared but its value is never read.
src/tui/components/ModelPanel.tsx(86,13): error TS6133: 'input' is declared but its value is never read.
src/tui/components/ModelPanel.tsx(103,13): error TS6133: 'input' is declared but its value is never read.
src/tui/components/ObservePanel.tsx(1,8): error TS6133: 'React' is declared but its value is never read.
src/tui/components/ObservePanel.tsx(27,13): error TS6133: 'input' is declared but its value is never read.
src/tui/components/PermissionPrompt.tsx(1,8): error TS6133: 'React' is declared but its value is never read.
src/tui/components/PermissionPrompt.tsx(57,13): error TS6133: 'input' is declared but its value is never read.
src/tui/components/SessionsManager.tsx(1,8): error TS6133: 'React' is declared but its value is never read.
src/tui/components/SessionsManager.tsx(74,13): error TS6133: 'input' is declared but its value is never read.
src/tui/components/SessionsManager.tsx(94,13): error TS6133: 'input' is declared but its value is never read.
src/tui/components/SessionsManager.tsx(113,13): error TS6133: 'input' is declared but its value is never read.
src/tui/components/SessionsManager.tsx(130,13): error TS6133: 'input' is declared but its value is never read.
src/tui/components/SessionsManager.tsx(143,13): error TS6133: 'input' is declared but its value is never read.
src/tui/components/SettingsPanel.tsx(106,13): error TS6133: 'input' is declared but its value is never read.
src/tui/components/SettingsPanel.tsx(330,32): error TS6133: 'options' is declared but its value is never read.
src/tui/components/SettingsPanel.tsx(341,21): error TS6133: 'currentIndex' is declared but its value is never read.
src/tui/components/SingleFileDiff.tsx(8,8): error TS6133: 'React' is declared but its value is never read.
src/tui/components/SingleFileDiff.tsx(116,13): error TS6133: 'input' is declared but its value is never read.
src/tui/components/StatusBar.tsx(1,8): error TS6133: 'React' is declared but its value is never read.
src/tui/components/ToolActivity.tsx(1,8): error TS6133: 'React' is declared but its value is never read.
src/tui/components/UpdatePrompt.tsx(1,1): error TS6133: 'React' is declared but its value is never read.
src/tui/components/WorkflowsManager.tsx(1,8): error TS6133: 'React' is declared but its value is never read.
src/tui/components/WorkflowsManager.tsx(64,13): error TS6133: 'input' is declared but its value is never read.
src/tui/components/WorkflowsManager.tsx(96,13): error TS6133: 'input' is declared but its value is never read.
src/tui/components/WorkflowsManager.tsx(133,13): error TS6133: 'input' is declared but its value is never read.
src/tui/components/WorkflowsManager.tsx(153,9): error TS6133: 'handleMenuSelect' is declared but its value is never read.
src/tui/components/WorkflowsManager.tsx(183,13): error TS6133: 'input' is declared but its value is never read.
src/tui/components/WorkflowsManager.tsx(199,9): error TS6133: 'handleListSelect' is declared but its value is never read.
src/tui/components/WorkflowsManager.tsx(214,13): error TS6133: 'input' is declared but its value is never read.
src/tui/index.tsx(7,1): error TS6133: 'orchestrate' is declared but its value is never read.
src/tui/index.tsx(8,1): error TS6133: 'chatOrchestrator' is declared but its value is never read.
src/tui/index.tsx(9,1): error TS6192: All imports in import declaration are unused.
src/tui/index.tsx(10,1): error TS6192: All imports in import declaration are unused.
src/tui/index.tsx(11,1): error TS6133: 'pipelineOrchestrator' is declared but its value is never read.
src/tui/index.tsx(26,3): error TS6133: 'parsePipelineString' is declared but its value is never read.
src/tui/index.tsx(30,10): error TS6133: 'listTemplates' is declared but its value is never read.
src/tui/index.tsx(50,3): error TS6133: 'listUnifiedSessions' is declared but its value is never read.
src/tui/index.tsx(60,1): error TS6192: All imports in import declaration are unused.
src/tui/index.tsx(61,1): error TS6192: All imports in import declaration are unused.
src/tui/index.tsx(65,3): error TS6133: 'formatFileContext' is declared but its value is never read.
src/tui/index.tsx(136,10): error TS6133: 'createMessage' is declared but its value is never read.
src/tui/index.tsx(165,10): error TS6133: 'loadingText' is declared but its value is never read.
src/tui/index.tsx(176,10): error TS6133: 'currentAgenticResult' is declared but its value is never read.
src/tui/index.tsx(181,10): error TS6133: 'isUpdating' is declared but its value is never read.
src/tui/index.tsx(183,10): error TS6133: 'lastMode' is declared but its value is never read.
src/tui/index.tsx(184,10): error TS6133: 'consensusContext' is declared but its value is never read.
src/tui/index.tsx(187,10): error TS6133: 'agenticSubMode' is declared but its value is never read.
src/tui/index.tsx(188,10): error TS6133: 'currentPlan' is declared but its value is never read.
src/tui/index.tsx(189,10): error TS6133: 'currentPlanTask' is declared but its value is never read.
src/tui/index.tsx(190,10): error TS6133: 'modeChangeNotice' is declared but its value is never read.
src/tui/index.tsx(190,28): error TS6133: 'setModeChangeNotice' is declared but its value is never read.
src/tui/index.tsx(191,10): error TS6133: 'isTrusted' is declared but its value is never read.
src/tui/index.tsx(744,13): error TS6133: 'char' is declared but its value is never read.
src/tui/index.tsx(999,9): error TS6133: 'runPlanMode' is declared but its value is never read.
src/tui/index.tsx(1065,9): error TS6133: 'runBuildMode' is declared but its value is never read.
src/tui/index.tsx(2680,76): error TS6133: 'i' is declared but its value is never read.
